version https://git-lfs.github.com/spec/v1
oid sha256:0e6b729d2ada210c6710734ccedb493b438a4490652b7d1a9dd1a9a51d8d3f1f
size 2892
