version https://git-lfs.github.com/spec/v1
oid sha256:04cd22e3ffc421beb380b9db580f914879f36015873d76ca5cb2e3cec3f03020
size 2532
