version https://git-lfs.github.com/spec/v1
oid sha256:d7db8d66579463b1b88b51da735ed394b205537bf3e13165d605c52f644e5ab9
size 2056
