version https://git-lfs.github.com/spec/v1
oid sha256:a341d7795fc3fd3399791600d908bd5e791a4d754693ca5fc254ff9116468d44
size 3317
