version https://git-lfs.github.com/spec/v1
oid sha256:a00305a5343b502290695ce738602ffb2da00f37276f4070eec357e9176dd7f2
size 13504
