version https://git-lfs.github.com/spec/v1
oid sha256:0d803fba998f1ccc04309b3fe7790f150d74fa50165e60bd7950d58f2e6a0283
size 992
