version https://git-lfs.github.com/spec/v1
oid sha256:f7fbe4476a38295d9bdc6e59a81faa652825ca1030693f16baf630fa716176fd
size 1436
