version https://git-lfs.github.com/spec/v1
oid sha256:f727ee0fad7cef7d00c3573ba93b35ae155a1d6945212403de1aeed9e68d9f84
size 636984
