version https://git-lfs.github.com/spec/v1
oid sha256:ad8ce5a818b7ec0817efc0fdb6141ee700f7edd02f73143d7c1fc8bbbfcdb505
size 2032
