version https://git-lfs.github.com/spec/v1
oid sha256:dedd34750c779ef8968476c3ca1e9094edb1345abd81c91974eddf2fb2564787
size 12735
